Doctor for profile "default"

Platform: ok (darwin)
Dependencies: ok (no dependencies declared)
Configuration: ok (0 ok, 0 concerns)
Provisioners: warn (1 not ready)
  not ready: gentle-ai install --scope global --agents codex (missing: engram)
Secret Scan: ok (0 findings)
Guardrail: Secret Scan catches obvious credential and private-key patterns only; it is not proof this repository is safe.
