{
  "schema_version": "7",
  "command": "install",
  "status": "ok",
  "data": {
    "dry_run": false,
    "selection": {
      "source": "explicit",
      "profiles": [
        "default"
      ],
      "extra_tags": [],
      "effective_tags": [
        "default"
      ],
      "change": {
        "delta": {
          "previous": {
            "profiles": [
              "core",
              "work"
            ],
            "extra_tags": [
              "adaptive-theme"
            ],
            "effective_tags": [
              "core",
              "work",
              "adaptive-theme"
            ]
          },
          "current": {
            "profiles": [
              "default"
            ],
            "extra_tags": [],
            "effective_tags": [
              "default"
            ]
          },
          "added": {
            "profiles": [
              "default"
            ],
            "extra_tags": [],
            "effective_tags": [
              "default"
            ],
            "managed_entries": [
              "~/.zshrc"
            ],
            "dependencies": [],
            "provisioners": []
          },
          "removed": {
            "profiles": [
              "core",
              "work"
            ],
            "extra_tags": [
              "adaptive-theme"
            ],
            "effective_tags": [
              "core",
              "work",
              "adaptive-theme"
            ],
            "managed_entries": [
              "~/.work"
            ],
            "dependencies": [],
            "provisioners": [
              "claude"
            ]
          },
          "missing_profiles": [],
          "stale_extra_tags": []
        },
        "acknowledgement_required": true,
        "acknowledgement_accepted": true
      }
    },
    "package_manager_setup": {
      "manager": "homebrew",
      "status": "installed",
      "command": {
        "executable": "/bin/sh",
        "args": [
          "-c",
          "/bin/bash -c \"$(curl -fsSL https://raw.githubusercontent.com/Homebrew/install/HEAD/install.sh)\""
        ],
        "display": "/bin/bash -c \"$(curl -fsSL https://raw.githubusercontent.com/Homebrew/install/HEAD/install.sh)\""
      },
      "detection": {
        "found": true,
        "needs_path": true
      },
      "reason": "selected required Dependencies need Homebrew, but brew is not available",
      "dependencies": [
        "starship"
      ]
    },
    "dependencies": {
      "preview": {
        "profile": "default",
        "tier": "homebrew",
        "items": [
          {
            "dependency": "starship",
            "requirement": "required",
            "status": "would-install",
            "provider": "homebrew",
            "package": "starship",
            "executable": "brew",
            "args": [
              "install",
              "starship"
            ]
          }
        ]
      },
      "result": {
        "profile": "default",
        "tier": "homebrew",
        "items": [
          {
            "dependency": "starship",
            "requirement": "required",
            "status": "installed",
            "provider": "homebrew",
            "package": "starship",
            "executable": "brew",
            "args": [
              "install",
              "starship"
            ]
          }
        ]
      }
    },
    "plan": {
      "profile": "default",
      "selection": {
        "source": "explicit",
        "profiles": [
          "default"
        ],
        "extra_tags": [],
        "effective_tags": [
          "default"
        ],
        "change": {
          "delta": {
            "previous": {
              "profiles": [
                "core",
                "work"
              ],
              "extra_tags": [
                "adaptive-theme"
              ],
              "effective_tags": [
                "core",
                "work",
                "adaptive-theme"
              ]
            },
            "current": {
              "profiles": [
                "default"
              ],
              "extra_tags": [],
              "effective_tags": [
                "default"
              ]
            },
            "added": {
              "profiles": [
                "default"
              ],
              "extra_tags": [],
              "effective_tags": [
                "default"
              ],
              "managed_entries": [
                "~/.zshrc"
              ],
              "dependencies": [],
              "provisioners": []
            },
            "removed": {
              "profiles": [
                "core",
                "work"
              ],
              "extra_tags": [
                "adaptive-theme"
              ],
              "effective_tags": [
                "core",
                "work",
                "adaptive-theme"
              ],
              "managed_entries": [
                "~/.work"
              ],
              "dependencies": [],
              "provisioners": [
                "claude"
              ]
            },
            "missing_profiles": [],
            "stale_extra_tags": []
          },
          "acknowledgement_required": true,
          "acknowledgement_accepted": true
        }
      },
      "actions": [
        {
          "source": "configs/zsh/zshrc",
          "target": "/home/user/.zshrc",
          "strategy": "symlink",
          "status": "create"
        }
      ]
    },
    "provisioners": {
      "profile": "default",
      "steps": [
        {
          "tool": "claude",
          "executable": "claude",
          "args": [
            "plugin",
            "marketplace",
            "add",
            "example/tools"
          ],
          "targets": [
            "~/.claude",
            "~/.claude.json"
          ]
        }
      ]
    },
    "backup_sets": [
      {
        "id": "backup-20260627T140000.000000000Z",
        "createdAt": "2026-06-27T14:00:00Z",
        "reason": "pre-install conflict protection",
        "targets": [
          "/home/user/.gitconfig"
        ],
        "path": "/home/user/.local/state/dots/backups/backup-20260627T140000.000000000Z"
      }
    ]
  }
}
