{
  "schema_version": "8",
  "command": "uninstall",
  "status": "ok",
  "data": {
    "dry_run": false,
    "state_root": "/home/user/.local/state/dots",
    "plan": {
      "actions": [
        {
          "target": "/home/user/.gemini/antigravity-cli/settings.json",
          "source": "configs/antigravity/settings.json",
          "sources": [
            "configs/antigravity/settings.json",
            "configs/antigravity/mobile-mcp-settings.json"
          ],
          "strategy": "copy",
          "ownership": "json-subset",
          "status": "remove"
        },
        {
          "target": "/home/user/.local/state/nvim/lazy-lock.json",
          "source": "configs/nvim/lazy-lock.json",
          "strategy": "copy",
          "ownership": "seeded",
          "status": "retain"
        }
      ]
    },
    "result": {
      "removed": null,
      "updated": [
        "/home/user/.gemini/antigravity-cli/settings.json"
      ],
      "retained": [
        "/home/user/.local/state/nvim/lazy-lock.json"
      ],
      "restored_sets": null
    }
  }
}
