{
  "schema_version": "10",
  "command": "catalog compare",
  "status": "ok",
  "data": {
    "os": "all",
    "metadata_origin": "declared",
    "profiles": [
      {
        "name": "core",
        "description": "Core profile",
        "status": "current",
        "tags": [
          "core"
        ]
      },
      {
        "name": "desktop",
        "description": "Desktop profile",
        "status": "current",
        "tags": [
          "core",
          "theme"
        ]
      }
    ],
    "tags": [
      {
        "name": "core",
        "description": "Core configuration",
        "kind": "surface",
        "status": "current",
        "origin": "declared"
      },
      {
        "name": "theme",
        "description": "Theme configuration",
        "kind": "surface",
        "status": "current",
        "origin": "declared"
      }
    ],
    "hidden": {
      "profiles": 1,
      "tags": 1
    },
    "comparison": {
      "from": "core",
      "to": "desktop",
      "added": {
        "resolved_tags": [
          "theme"
        ],
        "dependencies": [
          {
            "name": "theme-tool",
            "requirement": "required",
            "probes": [
              "theme-tool"
            ],
            "origin": {
              "type": "dependency_set",
              "tags": [
                "theme"
              ]
            }
          }
        ],
        "entries": [
          {
            "source": "adaptive",
            "target": "~/.example",
            "strategy": "copy",
            "tags": [
              "theme"
            ],
            "os": [
              "darwin"
            ],
            "dependencies": []
          }
        ],
        "source_overrides": [
          {
            "tag": "theme",
            "source": "adaptive",
            "entry": "base",
            "target": "~/.example",
            "os": [
              "darwin"
            ],
            "applicable": true
          }
        ],
        "provisioners": [
          {
            "tool": "codex",
            "operation": "mcp",
            "identity": "demo",
            "agents": [],
            "skills": [],
            "command": [
              "demo",
              "serve"
            ],
            "environment_names": [
              "SECRET"
            ],
            "tags": [
              "theme"
            ],
            "os": [
              "darwin"
            ],
            "dependencies": []
          }
        ],
        "behaviors": []
      },
      "removed": {
        "resolved_tags": [],
        "dependencies": [],
        "entries": [],
        "source_overrides": [],
        "provisioners": [],
        "behaviors": []
      },
      "shared": {
        "resolved_tags": 1,
        "dependencies": 0,
        "entries": 0,
        "source_overrides": 0,
        "provisioners": 0,
        "behaviors": 0
      }
    }
  }
}
