{
  "schema_version": "6",
  "command": "upgrade",
  "status": "ok",
  "data": {
    "dry_run": false,
    "selection": {
      "source": "recorded",
      "profiles": [
        "core"
      ],
      "extra_tags": [
        "work"
      ],
      "effective_tags": [
        "core",
        "desktop",
        "work"
      ],
      "delta": {
        "previous": {
          "profiles": [
            "core"
          ],
          "extra_tags": [
            "work"
          ],
          "effective_tags": [
            "core",
            "work"
          ]
        },
        "current": {
          "profiles": [
            "core"
          ],
          "extra_tags": [
            "work"
          ],
          "effective_tags": [
            "core",
            "desktop",
            "work"
          ]
        },
        "added": {
          "profiles": [],
          "extra_tags": [],
          "effective_tags": [
            "desktop"
          ],
          "managed_entries": [
            "~/.config/ghostty/config"
          ],
          "dependencies": [],
          "provisioners": []
        },
        "removed": {
          "profiles": [],
          "extra_tags": [],
          "effective_tags": [],
          "managed_entries": [],
          "dependencies": [],
          "provisioners": []
        },
        "missing_profiles": [],
        "stale_extra_tags": []
      }
    },
    "binary": {
      "channel": "homebrew",
      "current_version": "v0.63.0",
      "latest_version": "v0.64.0",
      "action": "homebrew-upgrade",
      "executable": "/opt/homebrew/bin/dots"
    },
    "update": {
      "old_rev": "abc123",
      "new_rev": "def456",
      "incoming": [
        "def456 update managed config"
      ]
    },
    "plan": {
      "profile": "core",
      "profiles": [
        "core"
      ],
      "tags": [
        "core",
        "desktop",
        "work"
      ],
      "selection": {
        "source": "recorded",
        "profiles": [
          "core"
        ],
        "extra_tags": [
          "work"
        ],
        "effective_tags": [
          "core",
          "desktop",
          "work"
        ],
        "delta": {
          "previous": {
            "profiles": [
              "core"
            ],
            "extra_tags": [
              "work"
            ],
            "effective_tags": [
              "core",
              "work"
            ]
          },
          "current": {
            "profiles": [
              "core"
            ],
            "extra_tags": [
              "work"
            ],
            "effective_tags": [
              "core",
              "desktop",
              "work"
            ]
          },
          "added": {
            "profiles": [],
            "extra_tags": [],
            "effective_tags": [
              "desktop"
            ],
            "managed_entries": [
              "~/.config/ghostty/config"
            ],
            "dependencies": [],
            "provisioners": []
          },
          "removed": {
            "profiles": [],
            "extra_tags": [],
            "effective_tags": [],
            "managed_entries": [],
            "dependencies": [],
            "provisioners": []
          },
          "missing_profiles": [],
          "stale_extra_tags": []
        }
      },
      "actions": []
    },
    "provisioners": {
      "profile": "core",
      "profiles": [
        "core"
      ],
      "tags": [
        "core",
        "desktop",
        "work"
      ],
      "steps": []
    }
  }
}
