{
  "schema_version": "7",
  "command": "deps plan",
  "status": "findings",
  "data": {
    "profile": "default",
    "selection": {
      "source": "explicit",
      "profiles": [
        "default"
      ],
      "extra_tags": [
        "work"
      ],
      "effective_tags": [
        "core",
        "work"
      ]
    },
    "tier": "debian",
    "actions": [
      {
        "dependency": "rg",
        "requirement": "optional",
        "status": "installable",
        "provider": "debian",
        "package": "ripgrep",
        "executable": "apt-get",
        "args": [
          "install",
          "-y",
          "ripgrep"
        ],
        "candidates": [
          {
            "provider": "debian",
            "package": "ripgrep",
            "executable": "apt-get",
            "args": [
              "install",
              "ripgrep"
            ]
          }
        ]
      }
    ],
    "items": [
      {
        "name": "rg",
        "requirement": "optional",
        "command": "apt-get install -y ripgrep",
        "action": {
          "dependency": "rg",
          "requirement": "optional",
          "status": "installable",
          "provider": "debian",
          "package": "ripgrep",
          "executable": "apt-get",
          "args": [
            "install",
            "-y",
            "ripgrep"
          ],
          "candidates": [
            {
              "provider": "debian",
              "package": "ripgrep",
              "executable": "apt-get",
              "args": [
                "install",
                "ripgrep"
              ]
            }
          ]
        }
      }
    ]
  }
}
