{
  "schema_version": "10",
  "command": "plan",
  "status": "findings",
  "data": {
    "profile": "default",
    "selection": {
      "source": "explicit",
      "profiles": [
        "default"
      ],
      "extra_tags": [
        "work"
      ],
      "effective_tags": [
        "core",
        "work"
      ]
    },
    "selection_reconciliation": {
      "previous_intent": {
        "authority": "recorded",
        "profiles": [
          "core"
        ],
        "extra_tags": [
          "adaptive-theme"
        ],
        "resolved_tags": [
          "core",
          "adaptive-theme"
        ]
      },
      "requested_intent": {
        "authority": "explicit-request",
        "profiles": [
          "core"
        ],
        "extra_tags": [],
        "resolved_tags": [
          "core"
        ]
      },
      "actions": [
        {
          "scope": "selection",
          "outcome": "remove",
          "previous_sources": [],
          "current_sources": [],
          "names": [
            "adaptive-theme"
          ]
        },
        {
          "scope": "managed-entry",
          "outcome": "blocked",
          "reason": "ambiguous-partial-ownership",
          "declarative_target": "~/.config/app/settings.json",
          "resolved_target": "/home/user/.config/app/settings.json",
          "previous_sources": [
            "configs/app/adaptive.json"
          ],
          "current_sources": [
            "configs/app/base.json"
          ],
          "names": []
        },
        {
          "scope": "dependency",
          "outcome": "retained-external-state",
          "previous_sources": [],
          "current_sources": [],
          "names": [
            "theme-helper"
          ]
        },
        {
          "scope": "provisioner",
          "outcome": "retained-external-state",
          "previous_sources": [],
          "current_sources": [],
          "names": [
            "claude"
          ],
          "identity": "sha256:1111111111111111111111111111111111111111111111111111111111111111"
        }
      ]
    },
    "actions": [
      {
        "source": "configs/zsh/zshrc",
        "target": "/home/user/.zshrc",
        "strategy": "symlink",
        "status": "create"
      },
      {
        "source": "configs/nvim/lazy-lock.json",
        "target": "/home/user/.local/state/nvim/lazy-lock.json",
        "target_root": "xdg-state",
        "strategy": "copy",
        "status": "unchanged",
        "reason": "seeded-local-evolution"
      },
      {
        "source": "configs/app/settings.json",
        "target": "/home/user/.config/app/settings.json",
        "strategy": "copy",
        "status": "migrate"
      },
      {
        "source": "configs/git/config",
        "sources": [
          "configs/git/config",
          "configs/git/work.json"
        ],
        "target": "/home/user/.gitconfig",
        "strategy": "copy",
        "status": "conflict",
        "reason": "source-override-not-selected",
        "matching_tags": [
          "adaptive-theme"
        ]
      }
    ]
  }
}
