{
  "schema_version": "8",
  "command": "doctor",
  "status": "findings",
  "data": {
    "profile": "default",
    "selection": {
      "source": "explicit",
      "profiles": [
        "default"
      ],
      "extra_tags": [
        "work"
      ],
      "effective_tags": [
        "core",
        "work"
      ]
    },
    "os": "darwin",
    "platform": {
      "supported": true,
      "os": "darwin"
    },
    "dependencies": {
      "profile": "default",
      "results": [
        {
          "name": "git",
          "requirement": "required",
          "command": "git",
          "present": true,
          "warning": "git on PATH but `git --version` failed"
        },
        {
          "name": "rg",
          "requirement": "optional",
          "command": "rg",
          "present": false
        }
      ]
    },
    "configuration": {
      "profile": "default",
      "entries": [
        {
          "source": "configs/zsh/zshrc",
          "target": "/Users/me/.zshrc",
          "strategy": "symlink",
          "state": "ok"
        }
      ]
    },
    "provisioners": {
      "profile": "default",
      "items": [
        {
          "tool": "claude",
          "executable": "claude",
          "args": [
            "plugin",
            "marketplace",
            "add",
            "example/tools"
          ],
          "missing": [
            "npx"
          ]
        }
      ]
    },
    "secret_scan": {
      "findings": [
        {
          "source": "configs/git/config",
          "line": 3,
          "pattern": "credential-assignment"
        }
      ]
    }
  }
}
