{
  "schema_version": "7",
  "command": "plan",
  "status": "findings",
  "data": {
    "profile": "default",
    "selection": {
      "source": "explicit",
      "profiles": [
        "default"
      ],
      "extra_tags": [
        "work"
      ],
      "effective_tags": [
        "core",
        "work"
      ]
    },
    "actions": [
      {
        "source": "configs/zsh/zshrc",
        "target": "/home/user/.zshrc",
        "strategy": "symlink",
        "status": "create"
      },
      {
        "source": "configs/nvim/lazy-lock.json",
        "target": "/home/user/.local/state/nvim/lazy-lock.json",
        "target_root": "xdg-state",
        "strategy": "copy",
        "status": "unchanged",
        "reason": "seeded-local-evolution"
      },
      {
        "source": "configs/app/settings.json",
        "target": "/home/user/.config/app/settings.json",
        "strategy": "copy",
        "status": "migrate"
      },
      {
        "source": "configs/git/config",
        "sources": [
          "configs/git/config",
          "configs/git/work.json"
        ],
        "target": "/home/user/.gitconfig",
        "strategy": "copy",
        "status": "conflict",
        "reason": "source-override-not-selected",
        "matching_tags": [
          "adaptive-theme"
        ]
      }
    ]
  }
}
