{
  "schema_version": "8",
  "command": "update",
  "status": "ok",
  "data": {
    "dry_run": false,
    "selection": {
      "source": "recorded",
      "profiles": [
        "core"
      ],
      "extra_tags": [
        "work"
      ],
      "effective_tags": [
        "core",
        "desktop",
        "work"
      ],
      "delta": {
        "previous": {
          "profiles": [
            "core"
          ],
          "extra_tags": [
            "work"
          ],
          "effective_tags": [
            "core",
            "work"
          ]
        },
        "current": {
          "profiles": [
            "core"
          ],
          "extra_tags": [
            "work"
          ],
          "effective_tags": [
            "core",
            "desktop",
            "work"
          ]
        },
        "added": {
          "profiles": [],
          "extra_tags": [],
          "effective_tags": [
            "desktop"
          ],
          "managed_entries": [
            "~/.config/ghostty/config"
          ],
          "dependencies": [],
          "provisioners": []
        },
        "removed": {
          "profiles": [],
          "extra_tags": [],
          "effective_tags": [],
          "managed_entries": [],
          "dependencies": [],
          "provisioners": []
        },
        "missing_profiles": [],
        "stale_extra_tags": []
      }
    },
    "update": {
      "old_rev": "abc123",
      "new_rev": "def456",
      "incoming": [
        "def456 update managed config"
      ]
    },
    "plan": {
      "profile": "core",
      "profiles": [
        "core"
      ],
      "tags": [
        "core",
        "desktop",
        "work"
      ],
      "selection": {
        "source": "recorded",
        "profiles": [
          "core"
        ],
        "extra_tags": [
          "work"
        ],
        "effective_tags": [
          "core",
          "desktop",
          "work"
        ],
        "delta": {
          "previous": {
            "profiles": [
              "core"
            ],
            "extra_tags": [
              "work"
            ],
            "effective_tags": [
              "core",
              "work"
            ]
          },
          "current": {
            "profiles": [
              "core"
            ],
            "extra_tags": [
              "work"
            ],
            "effective_tags": [
              "core",
              "desktop",
              "work"
            ]
          },
          "added": {
            "profiles": [],
            "extra_tags": [],
            "effective_tags": [
              "desktop"
            ],
            "managed_entries": [
              "~/.config/ghostty/config"
            ],
            "dependencies": [],
            "provisioners": []
          },
          "removed": {
            "profiles": [],
            "extra_tags": [],
            "effective_tags": [],
            "managed_entries": [],
            "dependencies": [],
            "provisioners": []
          },
          "missing_profiles": [],
          "stale_extra_tags": []
        }
      },
      "actions": []
    },
    "provisioners": {
      "profile": "core",
      "profiles": [
        "core"
      ],
      "tags": [
        "core",
        "desktop",
        "work"
      ],
      "steps": []
    },
    "backup_sets": [
      {
        "id": "backup-20260808T120000Z",
        "createdAt": "2026-08-08T12:00:00Z",
        "reason": "pre-install legacy target migration",
        "targets": [
          "/home/user/.config/app/settings.json"
        ],
        "path": "/home/user/.local/state/dots/backups/backup-20260808T120000Z"
      }
    ]
  }
}
