{
  "schema_version": "4",
  "command": "deps check",
  "status": "findings",
  "data": {
    "profile": "default",
    "results": [
      {
        "name": "git",
        "requirement": "required",
        "command": "git",
        "present": true
      },
      {
        "name": "rg",
        "requirement": "optional",
        "command": "rg",
        "present": false
      }
    ]
  }
}
