{
  "schema_version": "6",
  "command": "deps check",
  "status": "findings",
  "data": {
    "profile": "default",
    "selection": {
      "source": "explicit",
      "profiles": [
        "default"
      ],
      "extra_tags": [
        "work"
      ],
      "effective_tags": [
        "core",
        "work"
      ]
    },
    "results": [
      {
        "name": "git",
        "requirement": "required",
        "command": "git",
        "present": true
      },
      {
        "name": "rg",
        "requirement": "optional",
        "command": "rg",
        "present": false
      }
    ]
  }
}
