{
  "schema_version": "1",
  "command": "deps plan",
  "status": "findings",
  "data": {
    "profile": "default",
    "tier": "debian",
    "actions": [
      {
        "dependency": "rg",
        "package": "ripgrep",
        "executable": "apt-get",
        "args": [
          "install",
          "-y",
          "ripgrep"
        ]
      }
    ],
    "items": [
      {
        "name": "rg",
        "command": "apt-get install -y ripgrep",
        "action": {
          "dependency": "rg",
          "package": "ripgrep",
          "executable": "apt-get",
          "args": [
            "install",
            "-y",
            "ripgrep"
          ]
        }
      }
    ]
  }
}
