{
  "schema_version": "5",
  "command": "install",
  "status": "ok",
  "data": {
    "dry_run": false,
    "dependencies": {
      "preview": {
        "profile": "default",
        "tier": "homebrew",
        "items": [
          {
            "dependency": "starship",
            "requirement": "required",
            "status": "would-install",
            "provider": "homebrew",
            "package": "starship",
            "executable": "brew",
            "args": [
              "install",
              "starship"
            ]
          }
        ]
      },
      "result": {
        "profile": "default",
        "tier": "homebrew",
        "items": [
          {
            "dependency": "starship",
            "requirement": "required",
            "status": "installed",
            "provider": "homebrew",
            "package": "starship",
            "executable": "brew",
            "args": [
              "install",
              "starship"
            ]
          }
        ]
      }
    },
    "plan": {
      "profile": "default",
      "actions": [
        {
          "source": "configs/zsh/zshrc",
          "target": "/home/user/.zshrc",
          "strategy": "symlink",
          "status": "create"
        }
      ]
    },
    "provisioners": {
      "profile": "default",
      "steps": [
        {
          "tool": "gentle-ai",
          "executable": "gentle-ai",
          "args": [
            "install",
            "--scope",
            "global",
            "--agents",
            "claude-code"
          ],
          "targets": [
            "~/.claude",
            "~/.gentle-ai"
          ],
          "global_tools": [
            "claude (~/.local/bin via npm prefix)"
          ]
        }
      ]
    }
  }
}
