{
  "schema_version": "5",
  "command": "plan",
  "status": "findings",
  "data": {
    "profile": "default",
    "selection": {
      "source": "explicit",
      "profiles": [
        "default"
      ],
      "extra_tags": [
        "work"
      ],
      "effective_tags": [
        "core",
        "work"
      ]
    },
    "actions": [
      {
        "source": "configs/zsh/zshrc",
        "target": "/home/user/.zshrc",
        "strategy": "symlink",
        "status": "create"
      },
      {
        "source": "configs/git/config",
        "target": "/home/user/.gitconfig",
        "strategy": "copy",
        "status": "conflict"
      }
    ]
  }
}
