{
  "schema_version": "5",
  "command": "status",
  "status": "findings",
  "data": {
    "profile": "default",
    "entries": [
      {
        "source": "configs/zsh/zshrc",
        "target": "/home/user/.zshrc",
        "strategy": "symlink",
        "state": "ok"
      },
      {
        "source": "configs/git/config",
        "target": "/home/user/.gitconfig",
        "strategy": "copy",
        "state": "missing"
      }
    ],
    "provisioners": {
      "profile": "default",
      "summary": {
        "state": "pending",
        "completed": 0,
        "pending": 1,
        "failed": 0
      },
      "items": [
        {
          "tool": "gentle-ai",
          "executable": "gentle-ai",
          "args": [
            "install",
            "--scope",
            "global",
            "--agents",
            "claude-code"
          ],
          "targets": [
            "~/.claude",
            "~/.gentle-ai"
          ],
          "status": "pending"
        }
      ]
    }
  }
}
