Status for profile "work"

  ok           symlink   configs/zsh/zshrc -> /home/user/.zshrc
  missing      copy      configs/git/gitconfig -> /home/user/.gitconfig
  conflict     copy      configs/tmux/tmux.conf -> /home/user/.tmux.conf
  skipped      copy      configs/mac/app -> ~/.app
  drifted      copy      configs/starship.toml -> /home/user/.config/starship.toml
  unsupported  template  configs/nvim/init.lua -> /home/user/.config/nvim/init.lua

Summary: 1 ok, 1 missing, 1 conflict, 1 skipped, 1 drifted, 1 unsupported

Conflict guidance:
  Conflicts mean this profile is only partially managed until you choose a resolution.
  - skip keeps the local file untouched; dots leaves that target unmanaged for this run.
  - replace creates a Backup Set before installing the Source of Truth.
  - adopt is only for supported regular-file conflicts; it copies local file content into the Source of Truth after you choose it.
  - diff previews target versus source before you decide.
  Non-interactive install/update keeps conflicts skipped by default.
