Status for profile "work"

  ok           symlink   configs/zsh/zshrc -> /home/user/.zshrc
  missing      copy      configs/git/gitconfig -> /home/user/.gitconfig
  conflict     copy      configs/tmux/tmux.conf -> /home/user/.tmux.conf
  skipped      copy      configs/mac/app -> ~/.app
  drifted      copy      configs/starship.toml -> /home/user/.config/starship.toml
  unsupported  template  configs/nvim/init.lua -> /home/user/.config/nvim/init.lua

Summary: 1 ok, 1 missing, 1 conflict, 1 skipped, 1 drifted, 1 unsupported
